E20260224 21:34:47.686628 140556679354688 SortBuffer.cpp:125] SortBuffer: hybridSortEnabled_=0, nonSortedColumnTypes.size=12, sortedColumnTypes.size=4
Execution time: 1m 54s
Splits total: 3, finished: 3
-- OrderBy[6][row_id ASC NULLS LAST, l_suppkey ASC NULLS LAST, l_returnflag ASC NULLS LAST, l_linestatus ASC NULLS LAST] -> row_id:BIGINT, l_suppkey:BIGINT, l_returnflag:VARCHAR, l_linestatus:VARCHAR, l_orderkey:BIGINT, l_partkey:BIGINT, l_linenumber:BIGINT, l_quantity:DOUBLE, l_extendedprice:DOUBLE, l_discount:DOUBLE, l_tax:DOUBLE, l_shipdate:DATE, t_payload1:BIGINT, t_payload2:BIGINT, t_payload3:BIGINT, t_payload4:BIGINT
   Output: 50000000 rows (8.11GB, 5000 batches), Cpu time: 26.58s, Wall time: 26.94s, Blocked wall time: 0ns, Peak memory: 6.85GB, Memory allocations: 80037, Threads: 1, CPU breakdown: B/I/O/F (151.34ms/2.63s/5.47s/18.33s)
  -- HashJoin[5][INNER t_row_id=row_id AND t_suppkey=l_suppkey AND t_returnflag=l_returnflag AND t_linestatus=l_linestatus] -> row_id:BIGINT, l_suppkey:BIGINT, l_returnflag:VARCHAR, l_linestatus:VARCHAR, l_orderkey:BIGINT, l_partkey:BIGINT, l_linenumber:BIGINT, l_quantity:DOUBLE, l_extendedprice:DOUBLE, l_discount:DOUBLE, l_tax:DOUBLE, l_shipdate:DATE, t_payload1:BIGINT, t_payload2:BIGINT, t_payload3:BIGINT, t_payload4:BIGINT
     Output: 50000000 rows (12.02GB, 65041 batches), Cpu time: 17.25s, Wall time: 17.66s, Blocked wall time: 44.70s, Peak memory: 6.56GB, Memory allocations: 520366, CPU breakdown: B/I/O/F (182.40ms/9.81s/4.30s/2.96s)
     HashBuild: Input: 50000000 rows (7.55GB, 48850 batches), Output: 0 rows (0B, 0 batches), Cpu time: 10.43s, Wall time: 10.57s, Blocked wall time: 0ns, Peak memory: 6.55GB, Memory allocations: 21, Threads: 1, CPU breakdown: B/I/O/F (38.55ms/7.41s/34.92ms/2.95s)
     HashProbe: Input: 200000000 rows (25.81GB, 21744 batches), Output: 50000000 rows (12.02GB, 65041 batches), Cpu time: 6.82s, Wall time: 7.08s, Blocked wall time: 44.70s, Peak memory: 216.00KB, Memory allocations: 520345, Threads: 1, CPU breakdown: B/I/O/F (143.85ms/2.40s/4.26s/15.40ms)
    -- TableScan[4][table: T] -> t_row_id:BIGINT, t_suppkey:BIGINT, t_returnflag:VARCHAR, t_linestatus:VARCHAR, t_payload1:BIGINT, t_payload2:BIGINT, t_payload3:BIGINT, t_payload4:BIGINT
       Input: 200000000 rows (25.81GB, 21744 batches), Output: 200000000 rows (25.81GB, 21744 batches), Cpu time: 16.81s, Wall time: 32.25s, Blocked wall time: 0ns, Peak memory: 75.03MB, Memory allocations: 554700, Threads: 1, Splits: 1, CPU breakdown: B/I/O/F (32.52ms/0ns/16.78s/790ns)
    -- HashJoin[3][INNER s_row_id=row_id AND s_suppkey=l_suppkey AND s_returnflag=l_returnflag AND s_linestatus=l_linestatus] -> row_id:BIGINT, l_suppkey:BIGINT, l_returnflag:VARCHAR, l_linestatus:VARCHAR, l_orderkey:BIGINT, l_partkey:BIGINT, l_linenumber:BIGINT, l_quantity:DOUBLE, l_extendedprice:DOUBLE, l_discount:DOUBLE, l_tax:DOUBLE, l_shipdate:DATE
       Output: 50000000 rows (7.55GB, 48850 batches), Cpu time: 20.67s, Wall time: 20.91s, Blocked wall time: 26.48s, Peak memory: 13.11GB, Memory allocations: 390846, CPU breakdown: B/I/O/F (128.81ms/12.83s/1.89s/5.82s)
       HashBuild: Input: 100000000 rows (16.38GB, 10900 batches), Output: 0 rows (0B, 0 batches), Cpu time: 17.33s, Wall time: 17.36s, Blocked wall time: 0ns, Peak memory: 13.11GB, Memory allocations: 33, Threads: 1, CPU breakdown: B/I/O/F (8.81ms/11.50s/7.99ms/5.81s)
       HashProbe: Input: 200000000 rows (25.33GB, 21800 batches), Output: 50000000 rows (7.55GB, 48850 batches), Cpu time: 3.35s, Wall time: 3.55s, Blocked wall time: 26.48s, Peak memory: 170.00KB, Memory allocations: 390813, Threads: 1, CPU breakdown: B/I/O/F (120.00ms/1.33s/1.88s/15.62ms)
      -- Project[2][expressions: (s_row_id:BIGINT, ROW["row_id"]), (s_suppkey:BIGINT, ROW["l_suppkey"]), (s_returnflag:VARCHAR, ROW["l_returnflag"]), (s_linestatus:VARCHAR, ROW["l_linestatus"])] -> s_row_id:BIGINT, s_suppkey:BIGINT, s_returnflag:VARCHAR, s_linestatus:VARCHAR
         Output: 200000000 rows (25.33GB, 21800 batches), Cpu time: 169.55ms, Wall time: 301.26ms, Blocked wall time: 0ns, Peak memory: 0B, Memory allocations: 0, Threads: 1, CPU breakdown: B/I/O/F (79.19ms/18.44ms/56.71ms/15.21ms)
        -- TableScan[1][table: S] -> row_id:BIGINT, l_suppkey:BIGINT, l_returnflag:VARCHAR, l_linestatus:VARCHAR
           Input: 200000000 rows (25.33GB, 21800 batches), Output: 200000000 rows (25.33GB, 21800 batches), Cpu time: 1.93s, Wall time: 3.71s, Blocked wall time: 0ns, Peak memory: 26.32MB, Memory allocations: 276106, Threads: 1, Splits: 1, CPU breakdown: B/I/O/F (31.08ms/0ns/1.90s/766ns)
      -- TableScan[0][table: R] -> row_id:BIGINT, l_suppkey:BIGINT, l_returnflag:VARCHAR, l_linestatus:VARCHAR, l_orderkey:BIGINT, l_partkey:BIGINT, l_linenumber:BIGINT, l_quantity:DOUBLE, l_extendedprice:DOUBLE, l_discount:DOUBLE, l_tax:DOUBLE, l_shipdate:DATE
         Input: 100000000 rows (16.38GB, 10900 batches), Output: 100000000 rows (16.38GB, 10900 batches), Cpu time: 7.31s, Wall time: 9.10s, Blocked wall time: 0ns, Peak memory: 121.22MB, Memory allocations: 416614, Threads: 1, Splits: 1, CPU breakdown: B/I/O/F (15.76ms/0ns/7.29s/897ns)

PROFILE: interrupts/evictions/bytes = 9535/3735/756184
