E20260224 21:41:30.813065 140255145036096 LocalPlanner.cpp:712] detectNWayJoinChains: Factory 0 factoryMarked=1 consumerNode=null
E20260224 21:41:30.813275 140255145036096 LocalPlanner.cpp:699] detectNWayJoinChains: Factory 1 consumerNode 5 enabled for pointer reuse (build side)
E20260224 21:41:30.813309 140255145036096 LocalPlanner.cpp:712] detectNWayJoinChains: Factory 1 factoryMarked=1 consumerNode=5
E20260224 21:41:30.813321 140255145036096 LocalPlanner.cpp:712] detectNWayJoinChains: Factory 2 factoryMarked=0 consumerNode=3
E20260224 21:41:30.813328 140255145036096 LocalPlanner.cpp:717]   consumerNode 3 in nodeToMaterializationPoint=1 in pointerReuseEligibleNodeIds=0
E20260224 21:41:30.813424 140255145036096 LocalPlanner.cpp:960] DriverFactory::createDriver: ctx->buildSideLateMEnabled=true, materializationPlanNodeId=6, sortMaterializationEnabled=1, pointerReuseEligibleNodeIds.size()=0
E20260224 21:41:30.813556 140255145036096 SortBuffer.cpp:125] SortBuffer: hybridSortEnabled_=0, nonSortedColumnTypes.size=12, sortedColumnTypes.size=4
E20260224 21:41:30.813773 140255145036096 LocalPlanner.cpp:960] DriverFactory::createDriver: ctx->buildSideLateMEnabled=true, materializationPlanNodeId=6, sortMaterializationEnabled=1, pointerReuseEligibleNodeIds.size()=1
E20260224 21:41:30.859557 140255145036096 LocalPlanner.cpp:960] DriverFactory::createDriver: ctx->buildSideLateMEnabled=true, materializationPlanNodeId=6, sortMaterializationEnabled=1, pointerReuseEligibleNodeIds.size()=0
Execution time: 1m 41s
Splits total: 3, finished: 3
-- OrderBy[6][row_id ASC NULLS LAST, l_suppkey ASC NULLS LAST, l_returnflag ASC NULLS LAST, l_linestatus ASC NULLS LAST] -> row_id:BIGINT, l_suppkey:BIGINT, l_returnflag:VARCHAR, l_linestatus:VARCHAR, l_orderkey:BIGINT, l_partkey:BIGINT, l_linenumber:BIGINT, l_quantity:DOUBLE, l_extendedprice:DOUBLE, l_discount:DOUBLE, l_tax:DOUBLE, l_shipdate:DATE, t_payload1:BIGINT, t_payload2:BIGINT, t_payload3:BIGINT, t_payload4:BIGINT
   Output: 50000000 rows (8.00GB, 5000 batches), Cpu time: 27.86s, Wall time: 28.26s, Blocked wall time: 0ns, Peak memory: 2.84GB, Memory allocations: 29, Threads: 1, CPU breakdown: B/I/O/F (157.22ms/2.33s/6.93s/18.45s)
  -- HashJoin[5][INNER t_row_id=row_id AND t_suppkey=l_suppkey AND t_returnflag=l_returnflag AND t_linestatus=l_linestatus] -> row_id:BIGINT, l_suppkey:BIGINT, l_returnflag:VARCHAR, l_linestatus:VARCHAR, l_orderkey:BIGINT, l_partkey:BIGINT, l_linenumber:BIGINT, l_quantity:DOUBLE, l_extendedprice:DOUBLE, l_discount:DOUBLE, l_tax:DOUBLE, l_shipdate:DATE, t_payload1:BIGINT, t_payload2:BIGINT, t_payload3:BIGINT, t_payload4:BIGINT
     Output: 50000000 rows (5.12GB, 65041 batches), Cpu time: 26.55s, Wall time: 27.01s, Blocked wall time: 33.03s, Peak memory: 5.96GB, Memory allocations: 412223, CPU breakdown: B/I/O/F (187.94ms/17.22s/6.11s/3.03s)
     HashBuild: Input: 50000000 rows (3.34GB, 48850 batches), Output: 0 rows (0B, 0 batches), Cpu time: 5.80s, Wall time: 5.94s, Blocked wall time: 0ns, Peak memory: 4.09GB, Memory allocations: 25, Threads: 1, CPU breakdown: B/I/O/F (39.94ms/2.71s/35.68ms/3.01s)
     HashProbe: Input: 200000000 rows (25.81GB, 21744 batches), Output: 50000000 rows (5.12GB, 65041 batches), Cpu time: 20.75s, Wall time: 21.06s, Blocked wall time: 33.03s, Peak memory: 1.87GB, Memory allocations: 412198, Threads: 1, CPU breakdown: B/I/O/F (148.00ms/14.51s/6.07s/15.72ms)
    -- TableScan[4][table: T] -> t_row_id:BIGINT, t_suppkey:BIGINT, t_returnflag:VARCHAR, t_linestatus:VARCHAR, t_payload1:BIGINT, t_payload2:BIGINT, t_payload3:BIGINT, t_payload4:BIGINT
       Input: 200000000 rows (25.81GB, 21744 batches), Output: 200000000 rows (25.81GB, 21744 batches), Cpu time: 17.32s, Wall time: 17.37s, Blocked wall time: 0ns, Peak memory: 7.98GB, Memory allocations: 554700, Threads: 1, Splits: 1, CPU breakdown: B/I/O/F (32.79ms/0ns/17.29s/779ns)
    -- HashJoin[3][INNER s_row_id=row_id AND s_suppkey=l_suppkey AND s_returnflag=l_returnflag AND s_linestatus=l_linestatus] -> row_id:BIGINT, l_suppkey:BIGINT, l_returnflag:VARCHAR, l_linestatus:VARCHAR, l_orderkey:BIGINT, l_partkey:BIGINT, l_linenumber:BIGINT, l_quantity:DOUBLE, l_extendedprice:DOUBLE, l_discount:DOUBLE, l_tax:DOUBLE, l_shipdate:DATE
       Output: 50000000 rows (3.34GB, 48850 batches), Cpu time: 15.03s, Wall time: 15.28s, Blocked wall time: 21.78s, Peak memory: 13.80GB, Memory allocations: 195640, CPU breakdown: B/I/O/F (132.63ms/6.11s/1.35s/7.44s)
       HashBuild: Input: 100000000 rows (16.38GB, 10900 batches), Output: 0 rows (0B, 0 batches), Cpu time: 12.29s, Wall time: 12.33s, Blocked wall time: 0ns, Peak memory: 13.80GB, Memory allocations: 31, Threads: 1, CPU breakdown: B/I/O/F (9.34ms/4.85s/8.34ms/7.42s)
       HashProbe: Input: 200000000 rows (25.33GB, 21800 batches), Output: 50000000 rows (3.34GB, 48850 batches), Cpu time: 2.74s, Wall time: 2.95s, Blocked wall time: 21.78s, Peak memory: 192.00KB, Memory allocations: 195609, Threads: 1, CPU breakdown: B/I/O/F (123.29ms/1.25s/1.35s/16.45ms)
      -- Project[2][expressions: (s_row_id:BIGINT, ROW["row_id"]), (s_suppkey:BIGINT, ROW["l_suppkey"]), (s_returnflag:VARCHAR, ROW["l_returnflag"]), (s_linestatus:VARCHAR, ROW["l_linestatus"])] -> s_row_id:BIGINT, s_suppkey:BIGINT, s_returnflag:VARCHAR, s_linestatus:VARCHAR
         Output: 200000000 rows (25.33GB, 21800 batches), Cpu time: 175.25ms, Wall time: 308.44ms, Blocked wall time: 0ns, Peak memory: 0B, Memory allocations: 0, Threads: 1, CPU breakdown: B/I/O/F (81.41ms/18.61ms/59.47ms/15.76ms)
        -- TableScan[1][table: S] -> row_id:BIGINT, l_suppkey:BIGINT, l_returnflag:VARCHAR, l_linestatus:VARCHAR
           Input: 200000000 rows (25.33GB, 21800 batches), Output: 200000000 rows (25.33GB, 21800 batches), Cpu time: 1.91s, Wall time: 1.97s, Blocked wall time: 0ns, Peak memory: 26.32MB, Memory allocations: 276106, Threads: 1, Splits: 1, CPU breakdown: B/I/O/F (32.24ms/0ns/1.88s/761ns)
      -- TableScan[0][table: R] -> row_id:BIGINT, l_suppkey:BIGINT, l_returnflag:VARCHAR, l_linestatus:VARCHAR, l_orderkey:BIGINT, l_partkey:BIGINT, l_linenumber:BIGINT, l_quantity:DOUBLE, l_extendedprice:DOUBLE, l_discount:DOUBLE, l_tax:DOUBLE, l_shipdate:DATE
         Input: 100000000 rows (16.38GB, 10900 batches), Output: 100000000 rows (16.38GB, 10900 batches), Cpu time: 9.41s, Wall time: 9.44s, Blocked wall time: 0ns, Peak memory: 7.53GB, Memory allocations: 416614, Threads: 1, Splits: 1, CPU breakdown: B/I/O/F (16.27ms/0ns/9.39s/959ns)

PROFILE: interrupts/evictions/bytes = 10130/3383/744176
