E20260224 21:38:02.872261 140681378060608 SortBuffer.cpp:125] SortBuffer: hybridSortEnabled_=1, nonSortedColumnTypes.size=12, sortedColumnTypes.size=4
Execution time: 1m 46s
Splits total: 3, finished: 3
-- OrderBy[6][row_id ASC NULLS LAST, l_suppkey ASC NULLS LAST, l_returnflag ASC NULLS LAST, l_linestatus ASC NULLS LAST] -> row_id:BIGINT, l_suppkey:BIGINT, l_returnflag:VARCHAR, l_linestatus:VARCHAR, l_orderkey:BIGINT, l_partkey:BIGINT, l_linenumber:BIGINT, l_quantity:DOUBLE, l_extendedprice:DOUBLE, l_discount:DOUBLE, l_tax:DOUBLE, l_shipdate:DATE, t_payload1:BIGINT, t_payload2:BIGINT, t_payload3:BIGINT, t_payload4:BIGINT
   Output: 50000000 rows (8.03GB, 5000 batches), Cpu time: 35.01s, Wall time: 35.33s, Blocked wall time: 0ns, Peak memory: 7.16GB, Memory allocations: 20041, Threads: 1, CPU breakdown: B/I/O/F (158.47ms/1.49s/13.70s/19.66s)
  -- HashJoin[5][INNER t_row_id=row_id AND t_suppkey=l_suppkey AND t_returnflag=l_returnflag AND t_linestatus=l_linestatus] -> row_id:BIGINT, l_suppkey:BIGINT, l_returnflag:VARCHAR, l_linestatus:VARCHAR, l_orderkey:BIGINT, l_partkey:BIGINT, l_linenumber:BIGINT, l_quantity:DOUBLE, l_extendedprice:DOUBLE, l_discount:DOUBLE, l_tax:DOUBLE, l_shipdate:DATE, t_payload1:BIGINT, t_payload2:BIGINT, t_payload3:BIGINT, t_payload4:BIGINT
     Output: 50000000 rows (10.51GB, 65041 batches), Cpu time: 21.38s, Wall time: 21.80s, Blocked wall time: 37.12s, Peak memory: 11.40GB, Memory allocations: 1105722, CPU breakdown: B/I/O/F (187.92ms/6.33s/10.92s/3.94s)
     HashBuild: Input: 50000000 rows (7.49GB, 48850 batches), Output: 0 rows (0B, 0 batches), Cpu time: 7.94s, Wall time: 8.08s, Blocked wall time: 0ns, Peak memory: 6.90GB, Memory allocations: 24, Threads: 1, CPU breakdown: B/I/O/F (40.20ms/3.94s/36.14ms/3.92s)
     HashProbe: Input: 200000000 rows (25.81GB, 21744 batches), Output: 50000000 rows (10.51GB, 65041 batches), Cpu time: 13.44s, Wall time: 13.72s, Blocked wall time: 37.12s, Peak memory: 4.50GB, Memory allocations: 1105698, Threads: 1, CPU breakdown: B/I/O/F (147.72ms/2.39s/10.89s/15.71ms)
    -- TableScan[4][table: T] -> t_row_id:BIGINT, t_suppkey:BIGINT, t_returnflag:VARCHAR, t_linestatus:VARCHAR, t_payload1:BIGINT, t_payload2:BIGINT, t_payload3:BIGINT, t_payload4:BIGINT
       Input: 200000000 rows (25.81GB, 21744 batches), Output: 200000000 rows (25.81GB, 21744 batches), Cpu time: 17.97s, Wall time: 18.02s, Blocked wall time: 0ns, Peak memory: 7.98GB, Memory allocations: 554700, Threads: 1, Splits: 1, CPU breakdown: B/I/O/F (32.72ms/0ns/17.93s/766ns)
    -- HashJoin[3][INNER s_row_id=row_id AND s_suppkey=l_suppkey AND s_returnflag=l_returnflag AND s_linestatus=l_linestatus] -> row_id:BIGINT, l_suppkey:BIGINT, l_returnflag:VARCHAR, l_linestatus:VARCHAR, l_orderkey:BIGINT, l_partkey:BIGINT, l_linenumber:BIGINT, l_quantity:DOUBLE, l_extendedprice:DOUBLE, l_discount:DOUBLE, l_tax:DOUBLE, l_shipdate:DATE
       Output: 50000000 rows (7.49GB, 48850 batches), Cpu time: 16.55s, Wall time: 16.79s, Blocked wall time: 21.59s, Peak memory: 17.99GB, Memory allocations: 781628, CPU breakdown: B/I/O/F (130.71ms/6.05s/2.95s/7.41s)
       HashBuild: Input: 100000000 rows (16.38GB, 10900 batches), Output: 0 rows (0B, 0 batches), Cpu time: 12.21s, Wall time: 12.25s, Blocked wall time: 0ns, Peak memory: 13.80GB, Memory allocations: 31, Threads: 1, CPU breakdown: B/I/O/F (9.34ms/4.80s/8.24ms/7.40s)
       HashProbe: Input: 200000000 rows (25.33GB, 21800 batches), Output: 50000000 rows (7.49GB, 48850 batches), Cpu time: 4.34s, Wall time: 4.54s, Blocked wall time: 21.59s, Peak memory: 4.19GB, Memory allocations: 781597, Threads: 1, CPU breakdown: B/I/O/F (121.37ms/1.25s/2.95s/15.84ms)
      -- Project[2][expressions: (s_row_id:BIGINT, ROW["row_id"]), (s_suppkey:BIGINT, ROW["l_suppkey"]), (s_returnflag:VARCHAR, ROW["l_returnflag"]), (s_linestatus:VARCHAR, ROW["l_linestatus"])] -> s_row_id:BIGINT, s_suppkey:BIGINT, s_returnflag:VARCHAR, s_linestatus:VARCHAR
         Output: 200000000 rows (25.33GB, 21800 batches), Cpu time: 172.62ms, Wall time: 304.45ms, Blocked wall time: 0ns, Peak memory: 0B, Memory allocations: 0, Threads: 1, CPU breakdown: B/I/O/F (79.87ms/18.83ms/58.74ms/15.18ms)
        -- TableScan[1][table: S] -> row_id:BIGINT, l_suppkey:BIGINT, l_returnflag:VARCHAR, l_linestatus:VARCHAR
           Input: 200000000 rows (25.33GB, 21800 batches), Output: 200000000 rows (25.33GB, 21800 batches), Cpu time: 2.45s, Wall time: 2.51s, Blocked wall time: 0ns, Peak memory: 26.32MB, Memory allocations: 276106, Threads: 1, Splits: 1, CPU breakdown: B/I/O/F (31.17ms/0ns/2.42s/767ns)
      -- TableScan[0][table: R] -> row_id:BIGINT, l_suppkey:BIGINT, l_returnflag:VARCHAR, l_linestatus:VARCHAR, l_orderkey:BIGINT, l_partkey:BIGINT, l_linenumber:BIGINT, l_quantity:DOUBLE, l_extendedprice:DOUBLE, l_discount:DOUBLE, l_tax:DOUBLE, l_shipdate:DATE
         Input: 100000000 rows (16.38GB, 10900 batches), Output: 100000000 rows (16.38GB, 10900 batches), Cpu time: 9.31s, Wall time: 9.33s, Blocked wall time: 0ns, Peak memory: 7.53GB, Memory allocations: 416614, Threads: 1, Splits: 1, CPU breakdown: B/I/O/F (16.12ms/0ns/9.29s/806ns)

PROFILE: interrupts/evictions/bytes = 10581/3173/728776
