E20260224 21:43:42.683109 140652935379264 LocalPlanner.cpp:712] detectNWayJoinChains: Factory 0 factoryMarked=1 consumerNode=null
E20260224 21:43:42.704011 140652935379264 LocalPlanner.cpp:699] detectNWayJoinChains: Factory 1 consumerNode 5 enabled for pointer reuse (build side)
E20260224 21:43:42.704020 140652935379264 LocalPlanner.cpp:712] detectNWayJoinChains: Factory 1 factoryMarked=1 consumerNode=5
E20260224 21:43:42.704027 140652935379264 LocalPlanner.cpp:712] detectNWayJoinChains: Factory 2 factoryMarked=0 consumerNode=3
E20260224 21:43:42.704033 140652935379264 LocalPlanner.cpp:717]   consumerNode 3 in nodeToMaterializationPoint=1 in pointerReuseEligibleNodeIds=0
E20260224 21:43:42.704166 140652935379264 LocalPlanner.cpp:960] DriverFactory::createDriver: ctx->buildSideLateMEnabled=true, materializationPlanNodeId=6, sortMaterializationEnabled=1, pointerReuseEligibleNodeIds.size()=0
E20260224 21:43:42.704274 140652935379264 SortBuffer.cpp:125] SortBuffer: hybridSortEnabled_=0, nonSortedColumnTypes.size=12, sortedColumnTypes.size=4
E20260224 21:43:42.704518 140652935379264 LocalPlanner.cpp:960] DriverFactory::createDriver: ctx->buildSideLateMEnabled=true, materializationPlanNodeId=6, sortMaterializationEnabled=1, pointerReuseEligibleNodeIds.size()=1
E20260224 21:43:42.716765 140652935379264 LocalPlanner.cpp:960] DriverFactory::createDriver: ctx->buildSideLateMEnabled=true, materializationPlanNodeId=6, sortMaterializationEnabled=1, pointerReuseEligibleNodeIds.size()=0
*** Aborted at 1771987454 (Unix time, try 'date -d @1771987454') ***
*** Signal 11 (SIGSEGV) (0xfffffffffffffffc) received by PID 108518 (pthread TID 0x7fec4a1f3700) (linux TID 108534) (code: address not mapped to object), stack trace: ***
    @ 000000000c1c8401 _ZN5folly10symbolizer12_GLOBAL__N_113signalHandlerEiP9siginfo_tPv
    @ 0000000000000000 (unknown)
    @ 0000000008166d25 _ZN9bytedance4bolt4exec12RowContainer13extractStringENS0_10StringViewEPNS0_10FlatVectorIS3_EEib
    @ 000000000817936e _ZN9bytedance4bolt4exec12RowContainer20extractValuesNoNullsILb0ENS0_10StringViewEEEvPKPKcN5folly5RangeIPKiEEiiiPNS0_10FlatVectorIT0_EEb.isra.0
    @ 00000000084328cf _ZN9bytedance4bolt4exec15HybridContainer26extractColumnsFromUpstreamERKSt6vectorISt4pairIjjESaIS5_EERKS3_IPcSaISA_EERKS3_ImSaImEEPS2_PNS1_21ProbePayloadContainerERKSt13unordered_mapIiNS1_12ColumnSourceESt4hashIiESt8equal_toIiESaIS4_IKiSN_EEERKSt10shared_ptrINS0_9RowVectorEE
    @ 0000000008429461 _ZN9bytedance4bolt4exec9HashProbe29fillOutputLateMaterializationEi
    @ 000000000842c11a _ZN9bytedance4bolt4exec9HashProbe9getOutputEv
    @ 0000000008117c15 _ZZN9bytedance4bolt4exec6Driver11runInternalERSt10shared_ptrIS2_ERS3_INS1_13BlockingStateEERS3_INS0_9RowVectorEEENKUlvE3_clEv
    @ 000000000811c3dd _ZN9bytedance4bolt4exec6Driver11runInternalERSt10shared_ptrIS2_ERS3_INS1_13BlockingStateEERS3_INS0_9RowVectorEE
    @ 000000000811f010 _ZN9bytedance4bolt4exec6Driver3runESt10shared_ptrIS2_E
    @ 000000000811f3c2 _ZN5folly6detail8function14FunctionTraitsIFvvEE9callSmallIZN9bytedance4bolt4exec6Driver7enqueueESt10shared_ptrIS9_EEUlvE_EEvRNS1_4DataE
    @ 000000000c1c2456 _ZN5folly18ThreadPoolExecutor7runTaskERKSt10shared_ptrINS0_6ThreadEEONS0_4TaskE
    @ 000000000c1a00e4 _ZN5folly21CPUThreadPoolExecutor9threadRunESt10shared_ptrINS_18ThreadPoolExecutor6ThreadEE
    @ 000000000c1c3dba _ZN5folly6detail8function14FunctionTraitsIFvvEE9callSmallISt5_BindIFMNS_18ThreadPoolExecutorEFvSt10shared_ptrINS7_6ThreadEEEPS7_SA_EEEEvRNS1_4DataE
    @ 0000000000000000 (unknown)
    @ 0000000000008608 start_thread
    @ 000000000011f352 clone
